admin/auctions_csv/AP_Auc_Web_Fir.csv
Date      ,APF NO    ,APF Name                                                                                            ,No.of Bales,Qty Sold      ,Avg Price     
28-03-2022,17,Devarapalli                                                                                         ,27,3627.6,191.37
29-03-2022,17,Devarapalli                                                                                         ,193,25990.6,182.36
30-03-2022,17,Devarapalli                                                                                         ,286,38338.4,180.15
31-03-2022,17,Devarapalli                                                                                         ,269,34507.1,177.86
01-04-2022,17,Devarapalli                                                                                         ,308,40427.3,178.26
04-04-2022,17,Devarapalli                                                                                         ,439,59320,180.24
05-04-2022,17,Devarapalli                                                                                         ,472,63430.6,180.1
06-04-2022,17,Devarapalli                                                                                         ,535,70310.6,176.23
07-04-2022,17,Devarapalli                                                                                         ,372,49672.5,180.81
08-04-2022,17,Devarapalli                                                                                         ,474,62500.9,179.02
09-04-2022,17,Devarapalli                                                                                         ,318,41282.7,177.01
11-04-2022,17,Devarapalli                                                                                         ,296,38774.8,178.71
12-04-2022,17,Devarapalli                                                                                         ,594,77666.8,175.98
13-04-2022,17,Devarapalli                                                                                         ,591,77252.9,178.71
28-03-2022,18,J.R. Gudem - I                                                                                      ,27,3620.8,195
29-03-2022,18,J.R. Gudem - I                                                                                      ,131,17614.2,187.23
30-03-2022,18,J.R. Gudem - I                                                                                      ,144,18928.8,183.17
31-03-2022,18,J.R. Gudem - I                                                                                      ,81,10623,181.46
01-04-2022,18,J.R. Gudem - I                                                                                      ,111,14682.1,179.51
04-04-2022,18,J.R. Gudem - I                                                                                      ,186,24977,185.12
05-04-2022,18,J.R. Gudem - I                                                                                      ,245,32178.4,181.62
06-04-2022,18,J.R. Gudem - I                                                                                      ,460,59846.7,179.96
07-04-2022,18,J.R. Gudem - I                                                                                      ,275,35010.1,175.61
08-04-2022,18,J.R. Gudem - I                                                                                      ,570,71358.8,170.95
09-04-2022,18,J.R. Gudem - I                                                                                      ,341,42308.6,166.82
11-04-2022,18,J.R. Gudem - I                                                                                      ,704,89537.2,172.43
12-04-2022,18,J.R. Gudem - I                                                                                      ,963,121996.6,172.57
13-04-2022,18,J.R. Gudem - I                                                                                      ,941,119491.5,173.56
14-03-2022,20,Ongole - I                                                                                          ,18,2253.7,185
15-03-2022,20,Ongole - I                                                                                          ,36,4734.7,185
16-03-2022,20,Ongole - I                                                                                          ,101,13208.3,184.13
17-03-2022,20,Ongole - I                                                                                          ,255,33049.5,183.06
18-03-2022,20,Ongole - I                                                                                          ,240,30880.9,181.05
19-03-2022,20,Ongole - I                                                                                          ,434,55709.8,181.27
21-03-2022,20,Ongole - I                                                                                          ,388,50399.5,183.82
22-03-2022,20,Ongole - I                                                                                          ,348,43529.6,182.92
23-03-2022,20,Ongole - I                                                                                          ,450,59791.7,181.65
24-03-2022,20,Ongole - I                                                                                          ,553,68540.5,181.32
25-03-2022,20,Ongole - I                                                                                          ,433,56301.2,181.05
26-03-2022,20,Ongole - I                                                                                          ,545,70482.3,182.48
28-03-2022,20,Ongole - I                                                                                          ,586,77372.5,181.93
29-03-2022,20,Ongole - I                                                                                          ,641,87707.5,181.23
30-03-2022,20,Ongole - I                                                                                          ,902,118437.8,182.49
31-03-2022,20,Ongole - I                                                                                          ,522,68113,178.9
01-04-2022,20,Ongole - I                                                                                          ,519,66764.3,179.43
04-04-2022,20,Ongole - I                                                                                          ,741,98089.5,182.5
05-04-2022,20,Ongole - I                                                                                          ,637,82862,181.15
06-04-2022,20,Ongole - I                                                                                          ,708,93808.7,181.02
07-04-2022,20,Ongole - I                                                                                          ,684,85258.7,181.18
08-04-2022,20,Ongole - I                                                                                          ,600,79010.2,179.56
09-04-2022,20,Ongole - I                                                                                          ,606,78166.7,178.74
11-04-2022,20,Ongole - I                                                                                          ,564,72439.9,177.07
12-04-2022,20,Ongole - I                                                                                          ,563,74608.1,175.1
13-04-2022,20,Ongole - I                                                                                          ,600,83339,170.37
14-03-2022,22,Podili - I                                                                                          ,27,3586.9,185
15-03-2022,22,Podili - I                                                                                          ,49,6503.3,185
16-03-2022,22,Podili - I                                                                                          ,139,18473.2,183.95
17-03-2022,22,Podili - I                                                                                          ,409,52488,182.85
18-03-2022,22,Podili - I                                                                                          ,496,64629.5,183.11
19-03-2022,22,Podili - I                                                                                          ,765,100026.2,183.55
21-03-2022,22,Podili - I                                                                                          ,666,85827.9,184.02
22-03-2022,22,Podili - I                                                                                          ,745,97384.7,183.39
23-03-2022,22,Podili - I                                                                                          ,430,58909.9,183.36
24-03-2022,22,Podili - I                                                                                          ,507,66938.4,183.13
25-03-2022,22,Podili - I                                                                                          ,720,95862.2,183.24
26-03-2022,22,Podili - I                                                                                          ,190,26034.5,182.8
28-03-2022,22,Podili - I                                                                                          ,733,98484,182.79
29-03-2022,22,Podili - I                                                                                          ,812,111250.9,182.47
30-03-2022,22,Podili - I                                                                                          ,314,43575.9,181.96
31-03-2022,22,Podili - I                                                                                          ,246,33667.3,182.04
01-04-2022,22,Podili - I                                                                                          ,168,22674.7,183
04-04-2022,22,Podili - I                                                                                          ,359,49360.2,182.23
05-04-2022,22,Podili - I                                                                                          ,295,39597.9,182.89
06-04-2022,22,Podili - I                                                                                          ,434,59691.5,182.16
07-04-2022,22,Podili - I                                                                                          ,455,63732.5,179.82
08-04-2022,22,Podili - I                                                                                          ,338,46571,180.27
09-04-2022,22,Podili - I                                                                                          ,281,39665.5,181.88
11-04-2022,22,Podili - I                                                                                          ,254,34376,174.82
12-04-2022,22,Podili - I                                                                                          ,256,34560.5,177.03
13-04-2022,22,Podili - I                                                                                          ,374,51100.5,176.07
28-03-2022,23,Ongole - II                                                                                         ,27,3638.8,185
29-03-2022,23,Ongole - II                                                                                         ,36,4481.2,184.95
30-03-2022,23,Ongole - II                                                                                         ,323,41120.8,182.15
31-03-2022,23,Ongole - II                                                                                         ,418,55399.6,182.59
01-04-2022,23,Ongole - II                                                                                         ,230,31230,182.84
04-04-2022,23,Ongole - II                                                                                         ,467,63056.1,182.99
05-04-2022,23,Ongole - II                                                                                         ,428,57646.3,183.23
06-04-2022,23,Ongole - II                                                                                         ,385,52540.7,183.34
07-04-2022,23,Ongole - II                                                                                         ,428,57678.3,183.42
08-04-2022,23,Ongole - II                                                                                         ,387,52577.3,182.86
09-04-2022,23,Ongole - II                                                                                         ,384,51696,182.52
11-04-2022,23,Ongole - II                                                                                         ,428,53505.9,171.81
12-04-2022,23,Ongole - II                                                                                         ,371,49106,173.16
13-04-2022,23,Ongole - II                                                                                         ,385,49559.2,172.14
28-03-2022,24,Tangutur - I                                                                                        ,26,3546.2,185
29-03-2022,24,Tangutur - I                                                                                        ,206,26847.7,183.07
30-03-2022,24,Tangutur - I                                                                                        ,471,61367.5,182.33
31-03-2022,24,Tangutur - I                                                                                        ,507,64371.7,183.1
01-04-2022,24,Tangutur - I                                                                                        ,461,60363.1,182.73
04-04-2022,24,Tangutur - I                                                                                        ,664,86330,184.04
05-04-2022,24,Tangutur - I                                                                                        ,511,66176.5,183.22
06-04-2022,24,Tangutur - I                                                                                        ,679,89594.8,183.35
07-04-2022,24,Tangutur - I                                                                                        ,926,120589.9,184.24
08-04-2022,24,Tangutur - I                                                                                        ,633,85145,183.22
09-04-2022,24,Tangutur - I                                                                                        ,839,107966.4,184.67
11-04-2022,24,Tangutur - I                                                                                        ,635,79612.1,183.2
12-04-2022,24,Tangutur - I                                                                                        ,786,99942.4,183.98
13-04-2022,24,Tangutur - I                                                                                        ,829,111679.7,183.75
