admin/auctions_csv/AP_Auc_Web_Fir.csv
Date      ,APF NO    ,APF Name                                                                                            ,No.of Bales,Qty Sold      ,Avg Price     
14-03-2022,25,Kondepi                                                                                             ,17,2231.8,185
15-03-2022,25,Kondepi                                                                                             ,36,4806.7,184.31
16-03-2022,25,Kondepi                                                                                             ,277,35453.7,182.72
17-03-2022,25,Kondepi                                                                                             ,377,47288,182.02
18-03-2022,25,Kondepi                                                                                             ,488,63132.2,182.75
19-03-2022,25,Kondepi                                                                                             ,492,61777.7,183.43
21-03-2022,25,Kondepi                                                                                             ,735,92753.4,183.01
22-03-2022,25,Kondepi                                                                                             ,591,79163.5,182.9
23-03-2022,25,Kondepi                                                                                             ,536,70363.8,182.82
24-03-2022,25,Kondepi                                                                                             ,671,84824.9,183.74
25-03-2022,25,Kondepi                                                                                             ,739,97062,183.82
26-03-2022,25,Kondepi                                                                                             ,636,82665.9,183.09
28-03-2022,25,Kondepi                                                                                             ,920,119825.2,184.07
29-03-2022,25,Kondepi                                                                                             ,914,117010.4,184.75
30-03-2022,25,Kondepi                                                                                             ,893,115660.7,183.95
31-03-2022,25,Kondepi                                                                                             ,913,120379.8,184.07
01-04-2022,25,Kondepi                                                                                             ,566,76191.5,182.02
04-04-2022,25,Kondepi                                                                                             ,799,104909.6,183.7
05-04-2022,25,Kondepi                                                                                             ,740,95816.7,183.27
06-04-2022,25,Kondepi                                                                                             ,790,103255.2,182.74
07-04-2022,25,Kondepi                                                                                             ,773,104722.7,180.56
08-04-2022,25,Kondepi                                                                                             ,623,82031.4,179.31
09-04-2022,25,Kondepi                                                                                             ,865,113266.8,182.47
11-04-2022,25,Kondepi                                                                                             ,997,132134.6,182.1
12-04-2022,25,Kondepi                                                                                             ,759,101148.9,180.83
13-04-2022,25,Kondepi                                                                                             ,913,119052.1,181.32
14-03-2022,26,Kandukur - I                                                                                        ,18,2504.4,185
15-03-2022,26,Kandukur - I                                                                                        ,18,2506.2,185
16-03-2022,26,Kandukur - I                                                                                        ,82,10648.7,184.37
17-03-2022,26,Kandukur - I                                                                                        ,181,23284,184.01
18-03-2022,26,Kandukur - I                                                                                        ,341,42289.5,184.42
19-03-2022,26,Kandukur - I                                                                                        ,337,43836.6,184.66
21-03-2022,26,Kandukur - I                                                                                        ,574,74759.6,184.73
22-03-2022,26,Kandukur - I                                                                                        ,484,61118.8,184.89
23-03-2022,26,Kandukur - I                                                                                        ,618,82678.5,184.72
24-03-2022,26,Kandukur - I                                                                                        ,675,85507.4,184.57
25-03-2022,26,Kandukur - I                                                                                        ,514,68527.9,184.37
26-03-2022,26,Kandukur - I                                                                                        ,892,115464.1,184.55
28-03-2022,26,Kandukur - I                                                                                        ,947,126319.6,184.52
29-03-2022,26,Kandukur - I                                                                                        ,764,106005.5,183.54
30-03-2022,26,Kandukur - I                                                                                        ,621,83113.1,182.68
31-03-2022,26,Kandukur - I                                                                                        ,887,117032.5,183.73
01-04-2022,26,Kandukur - I                                                                                        ,894,120555.5,183.65
04-04-2022,26,Kandukur - I                                                                                        ,746,101708.8,183.58
05-04-2022,26,Kandukur - I                                                                                        ,826,111373.3,184.14
06-04-2022,26,Kandukur - I                                                                                        ,793,109230.3,183.89
07-04-2022,26,Kandukur - I                                                                                        ,286,38793.7,183.54
08-04-2022,26,Kandukur - I                                                                                        ,451,59538.9,183.8
09-04-2022,26,Kandukur - I                                                                                        ,476,65054.9,183.43
11-04-2022,26,Kandukur - I                                                                                        ,819,109911.9,184.06
12-04-2022,26,Kandukur - I                                                                                        ,653,89035.3,182.87
13-04-2022,26,Kandukur - I                                                                                        ,642,90777.9,182.75
14-03-2022,27,Kandukur - II                                                                                       ,18,2107.7,185
15-03-2022,27,Kandukur - II                                                                                       ,27,3279.4,185
16-03-2022,27,Kandukur - II                                                                                       ,79,10048.2,184.53
17-03-2022,27,Kandukur - II                                                                                       ,148,19218.5,184.13
18-03-2022,27,Kandukur - II                                                                                       ,255,34260.8,184.03
19-03-2022,27,Kandukur - II                                                                                       ,363,48587.6,183.99
21-03-2022,27,Kandukur - II                                                                                       ,323,40951.7,184.82
22-03-2022,27,Kandukur - II                                                                                       ,399,52479.4,184.81
23-03-2022,27,Kandukur - II                                                                                       ,390,51015.5,184.52
24-03-2022,27,Kandukur - II                                                                                       ,607,81678.6,184.56
25-03-2022,27,Kandukur - II                                                                                       ,500,65556.7,184.47
26-03-2022,27,Kandukur - II                                                                                       ,626,81126.2,184.64
28-03-2022,27,Kandukur - II                                                                                       ,536,70493.5,184.21
29-03-2022,27,Kandukur - II                                                                                       ,610,79434.2,184.18
30-03-2022,27,Kandukur - II                                                                                       ,526,69933.3,182.49
31-03-2022,27,Kandukur - II                                                                                       ,536,75575.2,183.66
01-04-2022,27,Kandukur - II                                                                                       ,505,71656.2,183.32
04-04-2022,27,Kandukur - II                                                                                       ,614,80847.6,183.8
05-04-2022,27,Kandukur - II                                                                                       ,468,63298.2,183.48
06-04-2022,27,Kandukur - II                                                                                       ,480,64484.8,183.45
07-04-2022,27,Kandukur - II                                                                                       ,814,112613.5,184.06
08-04-2022,27,Kandukur - II                                                                                       ,686,92448.5,184
09-04-2022,27,Kandukur - II                                                                                       ,755,102089.4,184.22
11-04-2022,27,Kandukur - II                                                                                       ,536,72298.3,183.85
12-04-2022,27,Kandukur - II                                                                                       ,827,111915.9,184.5
13-04-2022,27,Kandukur - II                                                                                       ,585,77193.8,173.64
28-03-2022,28,Kaligiri                                                                                            ,18,2352.2,185
29-03-2022,28,Kaligiri                                                                                            ,36,4674.5,185
30-03-2022,28,Kaligiri                                                                                            ,361,44985,184.58
31-03-2022,28,Kaligiri                                                                                            ,341,43741.2,182.95
01-04-2022,28,Kaligiri                                                                                            ,299,39165.4,183.66
04-04-2022,28,Kaligiri                                                                                            ,370,47939.7,184.22
05-04-2022,28,Kaligiri                                                                                            ,362,48647.5,184.12
06-04-2022,28,Kaligiri                                                                                            ,328,43350.4,184.04
07-04-2022,28,Kaligiri                                                                                            ,371,47792.9,184.31
08-04-2022,28,Kaligiri                                                                                            ,403,53408.9,183.3
09-04-2022,28,Kaligiri                                                                                            ,412,54649.7,184.21
11-04-2022,28,Kaligiri                                                                                            ,338,45233.5,184.06
12-04-2022,28,Kaligiri                                                                                            ,361,49175,183.48
13-04-2022,28,Kaligiri                                                                                            ,324,42525.3,183.64
14-03-2022,29,D.C. Palli                                                                                          ,18,2447.8,185
15-03-2022,29,D.C. Palli                                                                                          ,125,16189.2,184.04
16-03-2022,29,D.C. Palli                                                                                          ,360,46812.1,183.82
17-03-2022,29,D.C. Palli                                                                                          ,407,51884.9,183.72
18-03-2022,29,D.C. Palli                                                                                          ,707,90883,183.64
19-03-2022,29,D.C. Palli                                                                                          ,618,80636.8,183.93
21-03-2022,29,D.C. Palli                                                                                          ,838,110723.9,184.05
22-03-2022,29,D.C. Palli                                                                                          ,733,96995.7,184.17
23-03-2022,29,D.C. Palli                                                                                          ,466,62086.1,183.56
24-03-2022,29,D.C. Palli                                                                                          ,437,57842.6,184.31
25-03-2022,29,D.C. Palli                                                                                          ,595,80186.3,184.39
26-03-2022,29,D.C. Palli                                                                                          ,925,123535.8,184.18
28-03-2022,29,D.C. Palli                                                                                          ,487,65799.1,183.91
29-03-2022,29,D.C. Palli                                                                                          ,668,89719.9,183.48
30-03-2022,29,D.C. Palli                                                                                          ,371,50444.7,183.3
31-03-2022,29,D.C. Palli                                                                                          ,510,68947.3,183.29
01-04-2022,29,D.C. Palli                                                                                          ,529,71417.6,183.47
04-04-2022,29,D.C. Palli                                                                                          ,383,51996.6,182.27
05-04-2022,29,D.C. Palli                                                                                          ,365,49253.9,182.33
06-04-2022,29,D.C. Palli                                                                                          ,403,55011.5,182.85
07-04-2022,29,D.C. Palli                                                                                          ,337,46484.5,183.02
08-04-2022,29,D.C. Palli                                                                                          ,374,49742.5,182.29
09-04-2022,29,D.C. Palli                                                                                          ,330,43587.4,181.94
11-04-2022,29,D.C. Palli                                                                                          ,407,54570.2,180.9
12-04-2022,29,D.C. Palli                                                                                          ,460,60471,179.48
13-04-2022,29,D.C. Palli                                                                                          ,503,66937,179.45
28-03-2022,30,koyyalagudem                                                                                        ,18,2311.1,195
29-03-2022,30,koyyalagudem                                                                                        ,107,14808.5,194
30-03-2022,30,koyyalagudem                                                                                        ,229,30642.4,185.98
31-03-2022,30,koyyalagudem                                                                                        ,136,17854,181.95
01-04-2022,30,koyyalagudem                                                                                        ,156,20398.8,180.37
04-04-2022,30,koyyalagudem                                                                                        ,279,37330.9,184.35
05-04-2022,30,koyyalagudem                                                                                        ,527,69284.7,184.48
06-04-2022,30,koyyalagudem                                                                                        ,600,78209,182.21
07-04-2022,30,koyyalagudem                                                                                        ,481,59167.7,172.97
08-04-2022,30,koyyalagudem                                                                                        ,606,73768.4,169.91
09-04-2022,30,koyyalagudem                                                                                        ,560,69520.7,173.5
11-04-2022,30,koyyalagudem                                                                                        ,687,83278.8,170.69
12-04-2022,30,koyyalagudem                                                                                        ,650,78479.3,171.03
13-04-2022,30,koyyalagudem                                                                                        ,780,96695.5,174.01
