admin/auctions_csv/AP_Auc_Web_Fir.csv
Date      ,APF NO    ,APF Name                                                                                            ,No.of Bales,Qty Sold      ,Avg Price     
14-03-2022,31,Vellampally-II                                                                                      ,18,2374.8,185
15-03-2022,31,Vellampally-II                                                                                      ,50,6845.9,185
16-03-2022,31,Vellampally-II                                                                                      ,154,20075.1,184.22
17-03-2022,31,Vellampally-II                                                                                      ,221,29422.2,183.09
18-03-2022,31,Vellampally-II                                                                                      ,373,50148.7,181.17
19-03-2022,31,Vellampally-II                                                                                      ,345,45687.4,182.71
21-03-2022,31,Vellampally-II                                                                                      ,300,39966.8,181.74
22-03-2022,31,Vellampally-II                                                                                      ,272,36393.1,183.16
23-03-2022,31,Vellampally-II                                                                                      ,291,38665.5,182.21
24-03-2022,31,Vellampally-II                                                                                      ,322,44227.4,182.11
25-03-2022,31,Vellampally-II                                                                                      ,300,40154.6,182.31
26-03-2022,31,Vellampally-II                                                                                      ,493,66851.9,182.47
28-03-2022,31,Vellampally-II                                                                                      ,499,68352.2,182.18
29-03-2022,31,Vellampally-II                                                                                      ,488,66619.1,178.74
30-03-2022,31,Vellampally-II                                                                                      ,392,53113.9,180.83
31-03-2022,31,Vellampally-II                                                                                      ,209,28940.4,179.01
01-04-2022,31,Vellampally-II                                                                                      ,380,51721.9,181.19
04-04-2022,31,Vellampally-II                                                                                      ,519,70340,181.73
05-04-2022,31,Vellampally-II                                                                                      ,421,58130.9,180.4
06-04-2022,31,Vellampally-II                                                                                      ,299,41008.5,181.4
07-04-2022,31,Vellampally-II                                                                                      ,370,49676.7,182.44
08-04-2022,31,Vellampally-II                                                                                      ,505,67091.4,179.95
09-04-2022,31,Vellampally-II                                                                                      ,418,57189.3,177.24
11-04-2022,31,Vellampally-II                                                                                      ,481,64193.9,176.89
12-04-2022,31,Vellampally-II                                                                                      ,251,34191.4,173.7
13-04-2022,31,Vellampally-II                                                                                      ,398,53115.1,174.89
28-03-2022,32,J.R. Gudem- II                                                                                      ,27,3819.7,195
29-03-2022,32,J.R. Gudem- II                                                                                      ,300,40190.4,191.31
30-03-2022,32,J.R. Gudem- II                                                                                      ,234,31490.7,188.29
31-03-2022,32,J.R. Gudem- II                                                                                      ,284,37481.8,186.11
01-04-2022,32,J.R. Gudem- II                                                                                      ,275,36199.8,187.12
04-04-2022,32,J.R. Gudem- II                                                                                      ,478,62954.5,182.17
05-04-2022,32,J.R. Gudem- II                                                                                      ,506,66744.5,184.39
06-04-2022,32,J.R. Gudem- II                                                                                      ,516,66699,180.55
07-04-2022,32,J.R. Gudem- II                                                                                      ,309,40170.2,178.18
08-04-2022,32,J.R. Gudem- II                                                                                      ,490,63804.3,180.09
09-04-2022,32,J.R. Gudem- II                                                                                      ,185,24618,177
11-04-2022,32,J.R. Gudem- II                                                                                      ,320,41656.7,183.32
12-04-2022,32,J.R. Gudem- II                                                                                      ,1381,176232,179.07
13-04-2022,32,J.R. Gudem- II                                                                                      ,782,100056.6,175.51
28-03-2022,33,Gopalapuram                                                                                         ,27,3710.2,195
29-03-2022,33,Gopalapuram                                                                                         ,71,10069.7,194.45
30-03-2022,33,Gopalapuram                                                                                         ,274,37200.9,187.88
31-03-2022,33,Gopalapuram                                                                                         ,368,48245.1,184.4
01-04-2022,33,Gopalapuram                                                                                         ,347,45653.2,184.2
04-04-2022,33,Gopalapuram                                                                                         ,547,75115.9,187.59
05-04-2022,33,Gopalapuram                                                                                         ,648,87161.6,187.14
06-04-2022,33,Gopalapuram                                                                                         ,899,120707.2,184.94
07-04-2022,33,Gopalapuram                                                                                         ,290,38642.7,181.27
08-04-2022,33,Gopalapuram                                                                                         ,736,97552.1,184.58
09-04-2022,33,Gopalapuram                                                                                         ,252,33529.7,179.12
11-04-2022,33,Gopalapuram                                                                                         ,799,106273,182.23
12-04-2022,33,Gopalapuram                                                                                         ,875,115990.1,181.6
13-04-2022,33,Gopalapuram                                                                                         ,915,119122.4,180.85
28-03-2022,35,Kanigiri                                                                                            ,35,4742.3,185
29-03-2022,35,Kanigiri                                                                                            ,534,72337.1,183.08
30-03-2022,35,Kanigiri                                                                                            ,519,69439.5,182.77
31-03-2022,35,Kanigiri                                                                                            ,208,28186,181.65
01-04-2022,35,Kanigiri                                                                                            ,332,44512.4,183.36
04-04-2022,35,Kanigiri                                                                                            ,376,51307.8,182.48
05-04-2022,35,Kanigiri                                                                                            ,353,48196.8,183.36
06-04-2022,35,Kanigiri                                                                                            ,254,34538.3,182.43
07-04-2022,35,Kanigiri                                                                                            ,186,24850,181.37
08-04-2022,35,Kanigiri                                                                                            ,314,43159.4,180.47
09-04-2022,35,Kanigiri                                                                                            ,530,69962.9,182.73
11-04-2022,35,Kanigiri                                                                                            ,481,65711.9,181.49
12-04-2022,35,Kanigiri                                                                                            ,366,49975.2,181.45
13-04-2022,35,Kanigiri                                                                                            ,305,41476,179.21
